2024-04-08 12:43:18,021 - controllers.substrate_network_controller - DEBUG - debug message
2024-04-08 12:43:18,021 - controllers.substrate_network_controller - INFO - info message
2024-04-08 12:43:18,021 - controllers.substrate_network_controller - WARNING - warn message
2024-04-08 12:43:18,021 - controllers.substrate_network_controller - ERROR - error message
2024-04-08 12:43:18,021 - controllers.substrate_network_controller - CRITICAL - critical message
2024-04-08 12:43:18,972 - controllers.substrate_network_controller - DEBUG - debug message
2024-04-08 12:43:18,972 - controllers.substrate_network_controller - INFO - info message
2024-04-08 12:43:18,973 - controllers.substrate_network_controller - WARNING - warn message
2024-04-08 12:43:18,973 - controllers.substrate_network_controller - ERROR - error message
2024-04-08 12:43:18,973 - controllers.substrate_network_controller - CRITICAL - critical message
2024-04-08 12:43:19,980 - controllers.substrate_network_controller - DEBUG - debug message
2024-04-08 12:43:19,980 - controllers.substrate_network_controller - INFO - info message
2024-04-08 12:43:19,980 - controllers.substrate_network_controller - WARNING - warn message
2024-04-08 12:43:19,980 - controllers.substrate_network_controller - ERROR - error message
2024-04-08 12:43:19,980 - controllers.substrate_network_controller - CRITICAL - critical message
2024-04-08 12:43:20,972 - controllers.substrate_network_controller - DEBUG - debug message
2024-04-08 12:43:20,972 - controllers.substrate_network_controller - INFO - info message
2024-04-08 12:43:20,972 - controllers.substrate_network_controller - WARNING - warn message
2024-04-08 12:43:20,972 - controllers.substrate_network_controller - ERROR - error message
2024-04-08 12:43:20,972 - controllers.substrate_network_controller - CRITICAL - critical message
2024-04-08 12:43:21,973 - controllers.substrate_network_controller - DEBUG - debug message
2024-04-08 12:43:21,973 - controllers.substrate_network_controller - INFO - info message
2024-04-08 12:43:21,973 - controllers.substrate_network_controller - WARNING - warn message
2024-04-08 12:43:21,973 - controllers.substrate_network_controller - ERROR - error message
2024-04-08 12:43:21,973 - controllers.substrate_network_controller - CRITICAL - critical message
